// Jest Snapshot v1, https://goo.gl/fbAQLP

exports[`compile program 1`] = `
""use strict";

var _lite = require("@lite/runtime");
// transform
const stateRef = (0, _lite.runtimeRef)({});
const stateComputed = (0, _lite.runtimeComputed)(() => true);
console.log(stateRef.value, stateComputed.value);"
`;
